T2CC4 000:001.218   SEGGER J-Link V9.42 Log File
T2CC4 000:001.330   DLL Compiled: May  6 2026 12:25:27
T2CC4 000:001.335   Logging started @ 2026-09-27 15:28
T2CC4 000:001.340   Process: C:\Users\skull\.eclipse\com.renesas.platform_1584587709\DebugComp\RA\e2-server-gdb.exe
T2CC4 000:001.349 - 1.345ms 
T2CC4 000:001.361 JLINK_GetDLLVersion()
T2CC4 000:001.366 - 0.005ms returns 94200
T2CC4 000:003.488 JLINK_OpenEx(...)
T2CC4 000:010.142   Firmware: J-Link OB-RA4M2 compiled Dec 10 2025 15:52:53
T2CC4 000:010.596   Firmware: J-Link OB-RA4M2 compiled Dec 10 2025 15:52:53
T2CC4 000:032.014   Hardware: V1.00
T2CC4 000:032.037   S/N: 1083250768
T2CC4 000:032.046   OEM: SEGGER
T2CC4 000:032.060   Feature(s): None
T2CC4 000:032.501   Bootloader: 2021 May 14
T2CC4 000:032.913   USB speed mode: Full speed (12 MBit/s)
T2CC4 000:033.248   TELNET listener socket opened on port 19021
T2CC4 000:033.411   WEBSRV WEBSRV_Init(): Starting webserver thread(s)
T2CC4 000:033.642   WEBSRV Webserver running on local port 19080
T2CC4 000:033.787   Looking for J-Link GUI Server exe at: C:\Users\skull\.eclipse\com.renesas.platform_1584587709\DebugComp\RA\ARM\Segger_v9.42.0\JLinkGUIServer.exe
T2CC4 000:033.947   Looking for J-Link GUI Server exe at: \JLinkGUIServer.exe
T2CC4 000:339.422   Failed to connect to J-Link GUI Server.
T2CC4 000:339.465 - 335.968ms returns "O.K."
T2CC4 000:339.561 JLINK_TIF_Select(JLINKARM_TIF_SWD)
T2CC4 000:340.032 - 0.473ms returns 0x00
T2CC4 000:340.049 JLINK_ClrRESET()
T2CC4 000:340.191 - 0.141ms 
T2CC4 000:390.832 JLINK_SetSpeed(1500)
T2CC4 000:391.036 - 0.211ms 
T2CC4 000:391.056 JLINK_CORESIGHT_Configure(PerformTIFInit=0)
T2CC4 000:391.409 - 0.355ms returns 0
T2CC4 000:391.429 JLINK_CORESIGHT_ReadAPDPReg(DP reg 0x00)
T2CC4 000:391.876   Value=0x6BA02477
T2CC4 000:391.918 - 0.491ms returns 0
T2CC4 000:391.933 JLINK_CORESIGHT_WriteAPDPReg(DP reg 0x00, 0x0000001F)
T2CC4 000:392.173 - 0.239ms returns 0
T2CC4 000:392.194 JLINK_CORESIGHT_ReadAPDPReg(DP reg 0x00)
T2CC4 000:392.386   Value=0x6BA02477
T2CC4 000:392.400 - 0.206ms returns 0
T2CC4 000:392.408 JLINK_CORESIGHT_WriteAPDPReg(DP reg 0x02, 0x00000000)
T2CC4 000:392.578 - 0.170ms returns 0
T2CC4 000:392.587 JLINK_CORESIGHT_WriteAPDPReg(DP reg 0x01, 0x50000000)
T2CC4 000:392.765 - 0.178ms returns 0
T2CC4 000:392.781 JLINK_CORESIGHT_ReadAPDPReg(DP reg 0x01)
T2CC4 000:393.025   Value=0xF0000000
T2CC4 000:393.033 - 0.252ms returns 0
T2CC4 000:393.039 JLINK_CORESIGHT_WriteAPDPReg(DP reg 0x00, 0x0000001F)
T2CC4 000:393.204 - 0.165ms returns 0
T2CC4 000:393.214 JLINK_CORESIGHT_ReadAPDPReg(DP reg 0x00)
T2CC4 000:393.392   Value=0x6BA02477
T2CC4 000:393.407 - 0.193ms returns 0
T2CC4 000:393.418 JLINK_CORESIGHT_WriteAPDPReg(DP reg 0x01, 0x54000000)
T2CC4 000:393.613 - 0.194ms returns 0
T2CC4 000:393.626 JLINK_CORESIGHT_WriteAPDPReg(DP reg 0x01, 0x50000F00)
T2CC4 000:393.809 - 0.183ms returns 0
T2CC4 000:393.823 JLINK_CORESIGHT_WriteAPDPReg(DP reg 0x02, 0x01000000)
T2CC4 000:394.032 - 0.209ms returns 0
T2CC4 000:394.045 JLINK_CORESIGHT_WriteAPDPReg(AP reg 0x00, 0x80000002)
T2CC4 000:394.230 - 0.185ms returns 0
T2CC4 000:394.251 JLINK_CORESIGHT_WriteAPDPReg(AP reg 0x01, 0x80011100)
T2CC4 000:394.434 - 0.183ms returns 0
T2CC4 000:394.444 JLINK_CORESIGHT_WriteAPDPReg(AP reg 0x03, 0x000000A5)
T2CC4 000:394.623 - 0.179ms returns 0
T2CC4 000:394.632 JLINK_CORESIGHT_WriteAPDPReg(AP reg 0x00, 0x80000002)
T2CC4 000:394.809 - 0.177ms returns 0
T2CC4 000:394.817 JLINK_CORESIGHT_WriteAPDPReg(AP reg 0x01, 0x80011100)
T2CC4 000:395.030 - 0.213ms returns 0
T2CC4 000:395.038 JLINK_CORESIGHT_ReadAPDPReg(AP reg 0x03)
T2CC4 000:395.260   Value=0x000000A5
T2CC4 000:395.268 - 0.230ms returns 0
T2CC4 000:395.274 JLINK_ClrTMS()
T2CC4 000:395.324 - 0.049ms 
T2CC4 000:401.329 JLINK_SetTCK()
T2CC4 000:401.418 - 0.088ms returns 0
T2CC4 000:406.627 JLINK_SetRESET()
T2CC4 000:406.731 - 0.104ms 
T2CC4 000:607.681 JLINK_CORESIGHT_WriteAPDPReg(AP reg 0x00, 0x80000002)
T2CC4 000:608.094 - 0.414ms returns 0
T2CC4 000:608.125 JLINK_CORESIGHT_WriteAPDPReg(AP reg 0x01, 0x80011100)
T2CC4 000:608.472 - 0.347ms returns 0
T2CC4 000:608.501 JLINK_CORESIGHT_ReadAPDPReg(AP reg 0x03)
T2CC4 000:608.850   Value=0x00000000
T2CC4 000:608.876 - 0.374ms returns 0
T2CC4 000:608.899 JLINK_CORESIGHT_WriteAPDPReg(AP reg 0x00, 0x80000002)
T2CC4 000:609.194 - 0.294ms returns 0
T2CC4 000:609.214 JLINK_CORESIGHT_WriteAPDPReg(AP reg 0x01, 0x80011140)
T2CC4 000:609.440 - 0.225ms returns 0
T2CC4 000:609.462 JLINK_CORESIGHT_ReadAPDPReg(AP reg 0x03)
T2CC4 000:609.704   Value=0x00000002
T2CC4 000:609.712 - 0.250ms returns 0
T2CC4 000:609.719 JLINK_CORESIGHT_WriteAPDPReg(AP reg 0x00, 0x80000002)
T2CC4 000:609.898 - 0.179ms returns 0
T2CC4 000:609.906 JLINK_CORESIGHT_WriteAPDPReg(AP reg 0x01, 0x80011120)
T2CC4 000:610.070 - 0.163ms returns 0
T2CC4 000:610.078 JLINK_CORESIGHT_WriteAPDPReg(AP reg 0x03, 0x00000055)
T2CC4 000:610.241 - 0.163ms returns 0
T2CC4 000:610.255 JLINK_CORESIGHT_WriteAPDPReg(AP reg 0x00, 0x80000002)
T2CC4 000:610.434 - 0.178ms returns 0
T2CC4 000:610.442 JLINK_CORESIGHT_WriteAPDPReg(AP reg 0x01, 0x80011140)
T2CC4 000:610.632 - 0.190ms returns 0
T2CC4 000:610.640 JLINK_CORESIGHT_ReadAPDPReg(AP reg 0x03)
T2CC4 000:610.855   Value=0x00000002
T2CC4 000:610.863 - 0.223ms returns 0
T2CC4 000:610.870 JLINK_CORESIGHT_ReadAPDPReg(AP reg 0x03)
T2CC4 000:611.085   Value=0x00000002
T2CC4 000:611.093 - 0.223ms returns 0
T2CC4 000:611.100 JLINK_CORESIGHT_ReadAPDPReg(AP reg 0x03)
T2CC4 000:611.322   Value=0x00000002
T2CC4 000:611.332 - 0.232ms returns 0
T2CC4 000:611.339 JLINK_CORESIGHT_ReadAPDPReg(AP reg 0x03)
T2CC4 000:611.667   Value=0x00000002
T2CC4 000:611.675 - 0.336ms returns 0
T2CC4 000:611.681 JLINK_CORESIGHT_ReadAPDPReg(AP reg 0x03)
T2CC4 000:611.918   Value=0x00000002
T2CC4 000:611.928 - 0.246ms returns 0
T2CC4 000:611.934 JLINK_CORESIGHT_ReadAPDPReg(AP reg 0x03)
T2CC4 000:612.185   Value=0x00000002
T2CC4 000:612.193 - 0.258ms returns 0
T2CC4 000:612.199 JLINK_CORESIGHT_ReadAPDPReg(AP reg 0x03)
T2CC4 000:612.417   Value=0x00000002
T2CC4 000:612.426 - 0.227ms returns 0
T2CC4 000:612.433 JLINK_CORESIGHT_ReadAPDPReg(AP reg 0x03)
T2CC4 000:612.648   Value=0x00000002
T2CC4 000:612.656 - 0.223ms returns 0
T2CC4 000:612.663 JLINK_CORESIGHT_ReadAPDPReg(AP reg 0x03)
T2CC4 000:612.873   Value=0x00000002
T2CC4 000:612.881 - 0.218ms returns 0
T2CC4 000:612.887 JLINK_CORESIGHT_ReadAPDPReg(AP reg 0x03)
T2CC4 000:613.101   Value=0x00000002
T2CC4 000:613.108 - 0.221ms returns 0
T2CC4 000:613.114 JLINK_CORESIGHT_ReadAPDPReg(AP reg 0x03)
T2CC4 000:613.338   Value=0x00000002
T2CC4 000:613.345 - 0.231ms returns 0
T2CC4 000:613.352 JLINK_CORESIGHT_ReadAPDPReg(AP reg 0x03)
T2CC4 000:613.580   Value=0x00000002
T2CC4 000:613.595 - 0.243ms returns 0
T2CC4 000:613.606 JLINK_CORESIGHT_ReadAPDPReg(AP reg 0x03)
T2CC4 000:613.829   Value=0x00000002
T2CC4 000:613.837 - 0.231ms returns 0
T2CC4 000:613.844 JLINK_CORESIGHT_ReadAPDPReg(AP reg 0x03)
T2CC4 000:614.064   Value=0x00000002
T2CC4 000:614.072 - 0.228ms returns 0
T2CC4 000:614.078 JLINK_CORESIGHT_ReadAPDPReg(AP reg 0x03)
T2CC4 000:614.295   Value=0x00000002
T2CC4 000:614.303 - 0.225ms returns 0
T2CC4 000:614.309 JLINK_CORESIGHT_ReadAPDPReg(AP reg 0x03)
T2CC4 000:614.537   Value=0x00000002
T2CC4 000:614.545 - 0.235ms returns 0
T2CC4 000:614.551 JLINK_CORESIGHT_ReadAPDPReg(AP reg 0x03)
T2CC4 000:614.784   Value=0x00000002
T2CC4 000:614.798 - 0.247ms returns 0
T2CC4 000:614.809 JLINK_CORESIGHT_ReadAPDPReg(AP reg 0x03)
T2CC4 000:615.035   Value=0x00000002
T2CC4 000:615.043 - 0.234ms returns 0
T2CC4 000:615.050 JLINK_CORESIGHT_ReadAPDPReg(AP reg 0x03)
T2CC4 000:615.270   Value=0x00000002
T2CC4 000:615.278 - 0.228ms returns 0
T2CC4 000:615.284 JLINK_CORESIGHT_ReadAPDPReg(AP reg 0x03)
T2CC4 000:615.507   Value=0x00000002
T2CC4 000:615.515 - 0.231ms returns 0
T2CC4 000:615.522 JLINK_CORESIGHT_ReadAPDPReg(AP reg 0x03)
T2CC4 000:615.739   Value=0x00000002
T2CC4 000:615.746 - 0.224ms returns 0
T2CC4 000:615.752 JLINK_CORESIGHT_ReadAPDPReg(AP reg 0x03)
T2CC4 000:616.035   Value=0x00000002
T2CC4 000:616.048 - 0.296ms returns 0
T2CC4 000:616.055 JLINK_CORESIGHT_ReadAPDPReg(AP reg 0x03)
T2CC4 000:616.274   Value=0x00000002
T2CC4 000:616.283 - 0.228ms returns 0
T2CC4 000:616.289 JLINK_CORESIGHT_ReadAPDPReg(AP reg 0x03)
T2CC4 000:616.510   Value=0x00000002
T2CC4 000:616.518 - 0.228ms returns 0
T2CC4 000:616.524 JLINK_CORESIGHT_ReadAPDPReg(AP reg 0x03)
T2CC4 000:616.747   Value=0x00000002
T2CC4 000:616.755 - 0.230ms returns 0
T2CC4 000:616.761 JLINK_CORESIGHT_ReadAPDPReg(AP reg 0x03)
T2CC4 000:617.034   Value=0x00000002
T2CC4 000:617.042 - 0.281ms returns 0
T2CC4 000:617.048 JLINK_CORESIGHT_ReadAPDPReg(AP reg 0x03)
T2CC4 000:617.265   Value=0x00000002
T2CC4 000:617.281 - 0.232ms returns 0
T2CC4 000:617.292 JLINK_CORESIGHT_ReadAPDPReg(AP reg 0x03)
T2CC4 000:617.514   Value=0x00000002
T2CC4 000:617.523 - 0.230ms returns 0
T2CC4 000:617.529 JLINK_CORESIGHT_ReadAPDPReg(AP reg 0x03)
T2CC4 000:617.745   Value=0x00000002
T2CC4 000:617.753 - 0.224ms returns 0
T2CC4 000:617.759 JLINK_CORESIGHT_ReadAPDPReg(AP reg 0x03)
T2CC4 000:618.034   Value=0x00000002
T2CC4 000:618.042 - 0.282ms returns 0
T2CC4 000:618.048 JLINK_CORESIGHT_ReadAPDPReg(AP reg 0x03)
T2CC4 000:618.267   Value=0x00000002
T2CC4 000:618.275 - 0.227ms returns 0
T2CC4 000:618.281 JLINK_CORESIGHT_ReadAPDPReg(AP reg 0x03)
T2CC4 000:618.506   Value=0x00000002
T2CC4 000:618.521 - 0.240ms returns 0
T2CC4 000:618.532 JLINK_CORESIGHT_ReadAPDPReg(AP reg 0x03)
T2CC4 000:618.760   Value=0x00000002
T2CC4 000:618.768 - 0.236ms returns 0
T2CC4 000:618.774 JLINK_CORESIGHT_ReadAPDPReg(AP reg 0x03)
T2CC4 000:619.034   Value=0x00000002
T2CC4 000:619.042 - 0.267ms returns 0
T2CC4 000:619.048 JLINK_CORESIGHT_ReadAPDPReg(AP reg 0x03)
T2CC4 000:619.277   Value=0x00000002
T2CC4 000:619.285 - 0.237ms returns 0
T2CC4 000:619.291 JLINK_CORESIGHT_ReadAPDPReg(AP reg 0x03)
T2CC4 000:619.509   Value=0x00000002
T2CC4 000:619.516 - 0.225ms returns 0
T2CC4 000:619.522 JLINK_CORESIGHT_ReadAPDPReg(AP reg 0x03)
T2CC4 000:619.740   Value=0x00000002
T2CC4 000:619.749 - 0.226ms returns 0
T2CC4 000:619.755 JLINK_CORESIGHT_ReadAPDPReg(AP reg 0x03)
T2CC4 000:620.035   Value=0x00000002
T2CC4 000:620.043 - 0.288ms returns 0
T2CC4 000:620.050 JLINK_CORESIGHT_ReadAPDPReg(AP reg 0x03)
T2CC4 000:620.293   Value=0x00000002
T2CC4 000:620.302 - 0.251ms returns 0
T2CC4 000:620.315 JLINK_CORESIGHT_ReadAPDPReg(AP reg 0x03)
T2CC4 000:620.543   Value=0x00000002
T2CC4 000:620.551 - 0.235ms returns 0
T2CC4 000:620.562 JLINK_CORESIGHT_ReadAPDPReg(AP reg 0x03)
T2CC4 000:620.778   Value=0x00000002
T2CC4 000:620.791 - 0.229ms returns 0
T2CC4 000:620.801 JLINK_CORESIGHT_ReadAPDPReg(AP reg 0x03)
T2CC4 000:621.038   Value=0x00000002
T2CC4 000:621.054 - 0.252ms returns 0
T2CC4 000:621.073 JLINK_CORESIGHT_ReadAPDPReg(AP reg 0x03)
T2CC4 000:621.302   Value=0x00000002
T2CC4 000:621.310 - 0.237ms returns 0
T2CC4 000:621.321 JLINK_CORESIGHT_ReadAPDPReg(AP reg 0x03)
T2CC4 000:621.533   Value=0x00000000
T2CC4 000:621.542 - 0.221ms returns 0
T2CC4 000:621.552 JLINK_CORESIGHT_WriteAPDPReg(AP reg 0x00, 0x80000002)
T2CC4 000:621.722 - 0.169ms returns 0
T2CC4 000:621.733 JLINK_CORESIGHT_WriteAPDPReg(AP reg 0x01, 0x80011130)
T2CC4 000:621.899 - 0.165ms returns 0
T2CC4 000:621.910 JLINK_CORESIGHT_ReadAPDPReg(AP reg 0x03)
T2CC4 000:622.123   Value=0x000000C6
T2CC4 000:622.136 - 0.225ms returns 0
T2CC4 000:622.492 JLINK_CORESIGHT_WriteAPDPReg(AP reg 0x00, 0x80000002)
T2CC4 000:622.687 - 0.194ms returns 0
T2CC4 000:622.698 JLINK_CORESIGHT_WriteAPDPReg(AP reg 0x01, 0x80011140)
T2CC4 000:622.871 - 0.172ms returns 0
T2CC4 000:622.879 JLINK_CORESIGHT_ReadAPDPReg(AP reg 0x03)
T2CC4 000:623.097   Value=0x00000002
T2CC4 000:623.105 - 0.225ms returns 0
T2CC4 000:623.111 JLINK_CORESIGHT_WriteAPDPReg(AP reg 0x00, 0x80000002)
T2CC4 000:623.287 - 0.175ms returns 0
T2CC4 000:623.300 JLINK_CORESIGHT_WriteAPDPReg(AP reg 0x01, 0x80011120)
T2CC4 000:623.474 - 0.173ms returns 0
T2CC4 000:623.482 JLINK_CORESIGHT_WriteAPDPReg(AP reg 0x03, 0x3A010001)
T2CC4 000:623.651 - 0.169ms returns 0
T2CC4 000:623.663 JLINK_CORESIGHT_WriteAPDPReg(AP reg 0x00, 0x80000002)
T2CC4 000:623.836 - 0.173ms returns 0
T2CC4 000:623.844 JLINK_CORESIGHT_WriteAPDPReg(AP reg 0x01, 0x80011140)
T2CC4 000:624.033 - 0.189ms returns 0
T2CC4 000:624.041 JLINK_CORESIGHT_ReadAPDPReg(AP reg 0x03)
T2CC4 000:624.271   Value=0x00000002
T2CC4 000:624.279 - 0.237ms returns 0
T2CC4 000:624.285 JLINK_CORESIGHT_WriteAPDPReg(AP reg 0x00, 0x80000002)
T2CC4 000:624.475 - 0.189ms returns 0
T2CC4 000:624.489 JLINK_CORESIGHT_WriteAPDPReg(AP reg 0x01, 0x80011120)
T2CC4 000:624.671 - 0.182ms returns 0
T2CC4 000:624.680 JLINK_CORESIGHT_WriteAPDPReg(AP reg 0x03, 0x000003C5)
T2CC4 000:624.858 - 0.178ms returns 0
T2CC4 000:624.866 JLINK_CORESIGHT_WriteAPDPReg(AP reg 0x00, 0x80000002)
T2CC4 000:625.041 - 0.175ms returns 0
T2CC4 000:625.049 JLINK_CORESIGHT_WriteAPDPReg(AP reg 0x01, 0x80011140)
T2CC4 000:625.268 - 0.219ms returns 0
T2CC4 000:625.277 JLINK_CORESIGHT_ReadAPDPReg(AP reg 0x03)
T2CC4 000:625.497   Value=0x00000002
T2CC4 000:625.505 - 0.227ms returns 0
T2CC4 000:625.511 JLINK_CORESIGHT_ReadAPDPReg(AP reg 0x03)
T2CC4 000:625.730   Value=0x00000000
T2CC4 000:625.739 - 0.227ms returns 0
T2CC4 000:625.745 JLINK_CORESIGHT_WriteAPDPReg(AP reg 0x00, 0x80000002)
T2CC4 000:625.923 - 0.177ms returns 0
T2CC4 000:625.932 JLINK_CORESIGHT_WriteAPDPReg(AP reg 0x01, 0x80011130)
T2CC4 000:626.137 - 0.205ms returns 0
T2CC4 000:626.145 JLINK_CORESIGHT_ReadAPDPReg(AP reg 0x03)
T2CC4 000:626.378   Value=0x3A2A0081
T2CC4 000:626.386 - 0.240ms returns 0
T2CC4 000:626.392 JLINK_CORESIGHT_WriteAPDPReg(AP reg 0x00, 0x80000002)
T2CC4 000:626.569 - 0.177ms returns 0
T2CC4 000:626.577 JLINK_CORESIGHT_WriteAPDPReg(AP reg 0x01, 0x80011140)
T2CC4 000:626.748 - 0.171ms returns 0
T2CC4 000:626.756 JLINK_CORESIGHT_ReadAPDPReg(AP reg 0x03)
T2CC4 000:627.038   Value=0x00000000
T2CC4 000:627.053 - 0.297ms returns 0
T2CC4 000:627.065 JLINK_CORESIGHT_WriteAPDPReg(AP reg 0x00, 0x80000002)
T2CC4 000:627.247 - 0.182ms returns 0
T2CC4 000:627.255 JLINK_CORESIGHT_WriteAPDPReg(AP reg 0x01, 0x80011130)
T2CC4 000:627.434 - 0.178ms returns 0
T2CC4 000:627.442 JLINK_CORESIGHT_ReadAPDPReg(AP reg 0x03)
T2CC4 000:627.659   Value=0x808D5B00
T2CC4 000:627.667 - 0.225ms returns 0
T2CC4 000:627.673 JLINK_CORESIGHT_WriteAPDPReg(AP reg 0x00, 0x80000002)
T2CC4 000:627.847 - 0.173ms returns 0
T2CC4 000:627.855 JLINK_CORESIGHT_WriteAPDPReg(AP reg 0x01, 0x80011140)
T2CC4 000:628.034 - 0.179ms returns 0
T2CC4 000:628.042 JLINK_CORESIGHT_ReadAPDPReg(AP reg 0x03)
T2CC4 000:628.257   Value=0x00000000
T2CC4 000:628.266 - 0.224ms returns 0
T2CC4 000:628.272 JLINK_CORESIGHT_WriteAPDPReg(AP reg 0x00, 0x80000002)
T2CC4 000:628.450 - 0.177ms returns 0
T2CC4 000:628.458 JLINK_CORESIGHT_WriteAPDPReg(AP reg 0x01, 0x80011130)
T2CC4 000:628.632 - 0.173ms returns 0
T2CC4 000:628.640 JLINK_CORESIGHT_ReadAPDPReg(AP reg 0x03)
T2CC4 000:628.876   Value=0x0406070A
T2CC4 000:628.884 - 0.244ms returns 0
T2CC4 000:628.890 JLINK_CORESIGHT_WriteAPDPReg(AP reg 0x00, 0x80000002)
T2CC4 000:629.066 - 0.176ms returns 0
T2CC4 000:629.074 JLINK_CORESIGHT_WriteAPDPReg(AP reg 0x01, 0x80011140)
T2CC4 000:629.246 - 0.171ms returns 0
T2CC4 000:629.254 JLINK_CORESIGHT_ReadAPDPReg(AP reg 0x03)
T2CC4 000:629.482   Value=0x00000000
T2CC4 000:629.497 - 0.243ms returns 0
T2CC4 000:629.508 JLINK_CORESIGHT_WriteAPDPReg(AP reg 0x00, 0x80000002)
T2CC4 000:629.696 - 0.187ms returns 0
T2CC4 000:629.709 JLINK_CORESIGHT_WriteAPDPReg(AP reg 0x01, 0x80011130)
T2CC4 000:629.895 - 0.185ms returns 0
T2CC4 000:629.907 JLINK_CORESIGHT_ReadAPDPReg(AP reg 0x03)
T2CC4 000:630.202   Value=0x3254540B
T2CC4 000:630.214 - 0.307ms returns 0
T2CC4 000:630.223 JLINK_CORESIGHT_WriteAPDPReg(AP reg 0x00, 0x80000002)
T2CC4 000:630.402 - 0.179ms returns 0
T2CC4 000:630.413 JLINK_CORESIGHT_WriteAPDPReg(AP reg 0x01, 0x80011140)
T2CC4 000:630.600 - 0.187ms returns 0
T2CC4 000:630.615 JLINK_CORESIGHT_ReadAPDPReg(AP reg 0x03)
T2CC4 000:630.875   Value=0x00000000
T2CC4 000:630.911 - 0.295ms returns 0
T2CC4 000:631.003 JLINK_CORESIGHT_WriteAPDPReg(AP reg 0x00, 0x80000002)
T2CC4 000:631.230 - 0.227ms returns 0
T2CC4 000:631.240 JLINK_CORESIGHT_WriteAPDPReg(AP reg 0x01, 0x80011130)
T2CC4 000:631.417 - 0.176ms returns 0
T2CC4 000:631.426 JLINK_CORESIGHT_ReadAPDPReg(AP reg 0x03)
T2CC4 000:631.657   Value=0x54D36759
T2CC4 000:631.667 - 0.240ms returns 0
T2CC4 000:631.673 JLINK_CORESIGHT_WriteAPDPReg(AP reg 0x00, 0x80000002)
T2CC4 000:631.844 - 0.170ms returns 0
T2CC4 000:631.854 JLINK_CORESIGHT_WriteAPDPReg(AP reg 0x01, 0x80011140)
T2CC4 000:632.034 - 0.180ms returns 0
T2CC4 000:632.043 JLINK_CORESIGHT_ReadAPDPReg(AP reg 0x03)
T2CC4 000:632.283   Value=0x00000000
T2CC4 000:632.293 - 0.249ms returns 0
T2CC4 000:632.299 JLINK_CORESIGHT_WriteAPDPReg(AP reg 0x00, 0x80000002)
T2CC4 000:632.473 - 0.173ms returns 0
T2CC4 000:632.487 JLINK_CORESIGHT_WriteAPDPReg(AP reg 0x01, 0x80011130)
T2CC4 000:632.670 - 0.183ms returns 0
T2CC4 000:632.681 JLINK_CORESIGHT_ReadAPDPReg(AP reg 0x03)
T2CC4 000:632.903   Value=0x34325736
T2CC4 000:632.912 - 0.231ms returns 0
T2CC4 000:632.919 JLINK_CORESIGHT_WriteAPDPReg(AP reg 0x00, 0x80000002)
T2CC4 000:633.138 - 0.219ms returns 0
T2CC4 000:633.146 JLINK_CORESIGHT_WriteAPDPReg(AP reg 0x01, 0x80011140)
T2CC4 000:633.315 - 0.168ms returns 0
T2CC4 000:633.323 JLINK_CORESIGHT_ReadAPDPReg(AP reg 0x03)
T2CC4 000:633.546   Value=0x00000000
T2CC4 000:633.554 - 0.231ms returns 0
T2CC4 000:633.561 JLINK_CORESIGHT_WriteAPDPReg(AP reg 0x00, 0x80000002)
T2CC4 000:633.735 - 0.174ms returns 0
T2CC4 000:633.742 JLINK_CORESIGHT_WriteAPDPReg(AP reg 0x01, 0x80011130)
T2CC4 000:633.908 - 0.166ms returns 0
T2CC4 000:633.916 JLINK_CORESIGHT_ReadAPDPReg(AP reg 0x03)
T2CC4 000:634.129   Value=0x610A2D30
T2CC4 000:634.138 - 0.222ms returns 0
T2CC4 000:634.145 JLINK_CORESIGHT_WriteAPDPReg(AP reg 0x00, 0x80000002)
T2CC4 000:634.314 - 0.168ms returns 0
T2CC4 000:634.322 JLINK_CORESIGHT_WriteAPDPReg(AP reg 0x01, 0x80011140)
T2CC4 000:634.490 - 0.168ms returns 0
T2CC4 000:634.498 JLINK_CORESIGHT_ReadAPDPReg(AP reg 0x03)
T2CC4 000:634.723   Value=0x00000000
T2CC4 000:634.731 - 0.232ms returns 0
T2CC4 000:634.737 JLINK_CORESIGHT_WriteAPDPReg(AP reg 0x00, 0x80000002)
T2CC4 000:634.911 - 0.174ms returns 0
T2CC4 000:634.919 JLINK_CORESIGHT_WriteAPDPReg(AP reg 0x01, 0x80011130)
T2CC4 000:635.151 - 0.231ms returns 0
T2CC4 000:635.159 JLINK_CORESIGHT_ReadAPDPReg(AP reg 0x03)
T2CC4 000:635.381   Value=0x4B37528D
T2CC4 000:635.397 - 0.237ms returns 0
T2CC4 000:635.407 JLINK_CORESIGHT_WriteAPDPReg(AP reg 0x00, 0x80000002)
T2CC4 000:635.617 - 0.209ms returns 0
T2CC4 000:635.647 JLINK_CORESIGHT_WriteAPDPReg(AP reg 0x01, 0x80011140)
T2CC4 000:635.845 - 0.198ms returns 0
T2CC4 000:635.859 JLINK_CORESIGHT_ReadAPDPReg(AP reg 0x03)
T2CC4 000:636.142   Value=0x00000000
T2CC4 000:636.154 - 0.295ms returns 0
T2CC4 000:636.161 JLINK_CORESIGHT_WriteAPDPReg(AP reg 0x00, 0x80000002)
T2CC4 000:636.434 - 0.273ms returns 0
T2CC4 000:636.455 JLINK_CORESIGHT_WriteAPDPReg(AP reg 0x01, 0x80011130)
T2CC4 000:636.660 - 0.204ms returns 0
T2CC4 000:636.681 JLINK_CORESIGHT_ReadAPDPReg(AP reg 0x03)
T2CC4 000:636.912   Value=0x31503841
T2CC4 000:636.920 - 0.239ms returns 0
T2CC4 000:636.927 JLINK_CORESIGHT_WriteAPDPReg(AP reg 0x00, 0x80000002)
T2CC4 000:637.146 - 0.219ms returns 0
T2CC4 000:637.159 JLINK_CORESIGHT_WriteAPDPReg(AP reg 0x01, 0x80011140)
T2CC4 000:637.336 - 0.177ms returns 0
T2CC4 000:637.348 JLINK_CORESIGHT_ReadAPDPReg(AP reg 0x03)
T2CC4 000:637.574   Value=0x00000000
T2CC4 000:637.586 - 0.238ms returns 0
T2CC4 000:637.596 JLINK_CORESIGHT_WriteAPDPReg(AP reg 0x00, 0x80000002)
T2CC4 000:637.791 - 0.194ms returns 0
T2CC4 000:637.801 JLINK_CORESIGHT_WriteAPDPReg(AP reg 0x01, 0x80011130)
T2CC4 000:638.035 - 0.234ms returns 0
T2CC4 000:638.048 JLINK_CORESIGHT_ReadAPDPReg(AP reg 0x03)
T2CC4 000:638.278   Value=0x434C464B
T2CC4 000:638.286 - 0.238ms returns 0
T2CC4 000:638.292 JLINK_CORESIGHT_WriteAPDPReg(AP reg 0x00, 0x80000002)
T2CC4 000:638.475 - 0.183ms returns 0
T2CC4 000:638.487 JLINK_CORESIGHT_WriteAPDPReg(AP reg 0x01, 0x80011140)
T2CC4 000:638.666 - 0.179ms returns 0
T2CC4 000:638.674 JLINK_CORESIGHT_ReadAPDPReg(AP reg 0x03)
T2CC4 000:638.900   Value=0x00000000
T2CC4 000:638.909 - 0.235ms returns 0
T2CC4 000:638.916 JLINK_CORESIGHT_WriteAPDPReg(AP reg 0x00, 0x80000002)
T2CC4 000:639.145 - 0.229ms returns 0
T2CC4 000:639.154 JLINK_CORESIGHT_WriteAPDPReg(AP reg 0x01, 0x80011130)
T2CC4 000:639.325 - 0.171ms returns 0
T2CC4 000:639.333 JLINK_CORESIGHT_ReadAPDPReg(AP reg 0x03)
T2CC4 000:639.552   Value=0x20204341
T2CC4 000:639.560 - 0.227ms returns 0
T2CC4 000:639.567 JLINK_CORESIGHT_WriteAPDPReg(AP reg 0x00, 0x80000002)
T2CC4 000:639.745 - 0.178ms returns 0
T2CC4 000:639.753 JLINK_CORESIGHT_WriteAPDPReg(AP reg 0x01, 0x80011140)
T2CC4 000:639.934 - 0.181ms returns 0
T2CC4 000:639.947 JLINK_CORESIGHT_ReadAPDPReg(AP reg 0x03)
T2CC4 000:640.197   Value=0x00000000
T2CC4 000:640.210 - 0.268ms returns 0
T2CC4 000:640.220 JLINK_CORESIGHT_WriteAPDPReg(AP reg 0x00, 0x80000002)
T2CC4 000:640.404 - 0.184ms returns 0
T2CC4 000:640.414 JLINK_CORESIGHT_WriteAPDPReg(AP reg 0x01, 0x80011130)
T2CC4 000:640.590 - 0.176ms returns 0
T2CC4 000:640.598 JLINK_CORESIGHT_ReadAPDPReg(AP reg 0x03)
T2CC4 000:640.821   Value=0x00033320
T2CC4 000:640.829 - 0.230ms returns 0
T2CC4 000:640.892 JLINK_CORESIGHT_WriteAPDPReg(AP reg 0x00, 0x80000002)
T2CC4 000:641.071 - 0.179ms returns 0
T2CC4 000:641.079 JLINK_CORESIGHT_WriteAPDPReg(AP reg 0x01, 0x80011140)
T2CC4 000:641.246 - 0.166ms returns 0
T2CC4 000:641.259 JLINK_CORESIGHT_ReadAPDPReg(AP reg 0x03)
T2CC4 000:641.486   Value=0x00000002
T2CC4 000:641.502 - 0.242ms returns 0
T2CC4 000:641.512 JLINK_CORESIGHT_WriteAPDPReg(AP reg 0x00, 0x80000002)
T2CC4 000:641.699 - 0.187ms returns 0
T2CC4 000:641.713 JLINK_CORESIGHT_WriteAPDPReg(AP reg 0x01, 0x80011120)
T2CC4 000:641.939 - 0.226ms returns 0
T2CC4 000:641.953 JLINK_CORESIGHT_WriteAPDPReg(AP reg 0x03, 0x39020001)
T2CC4 000:642.145 - 0.192ms returns 0
T2CC4 000:642.163 JLINK_CORESIGHT_WriteAPDPReg(AP reg 0x00, 0x80000002)
T2CC4 000:642.346 - 0.181ms returns 0
T2CC4 000:642.359 JLINK_CORESIGHT_WriteAPDPReg(AP reg 0x01, 0x80011140)
T2CC4 000:642.529 - 0.170ms returns 0
T2CC4 000:642.542 JLINK_CORESIGHT_ReadAPDPReg(AP reg 0x03)
T2CC4 000:642.774   Value=0x00000002
T2CC4 000:642.785 - 0.243ms returns 0
T2CC4 000:642.793 JLINK_CORESIGHT_WriteAPDPReg(AP reg 0x00, 0x80000002)
T2CC4 000:643.035 - 0.242ms returns 0
T2CC4 000:643.045 JLINK_CORESIGHT_WriteAPDPReg(AP reg 0x01, 0x80011120)
T2CC4 000:643.229 - 0.184ms returns 0
T2CC4 000:643.246 JLINK_CORESIGHT_WriteAPDPReg(AP reg 0x03, 0x0003B312)
T2CC4 000:643.424 - 0.178ms returns 0
T2CC4 000:643.437 JLINK_CORESIGHT_WriteAPDPReg(AP reg 0x00, 0x80000002)
T2CC4 000:643.602 - 0.165ms returns 0
T2CC4 000:643.612 JLINK_CORESIGHT_WriteAPDPReg(AP reg 0x01, 0x80011140)
T2CC4 000:643.788 - 0.176ms returns 0
T2CC4 000:643.800 JLINK_CORESIGHT_ReadAPDPReg(AP reg 0x03)
T2CC4 000:644.033   Value=0x00000000
T2CC4 000:644.042 - 0.242ms returns 0
T2CC4 000:644.049 JLINK_CORESIGHT_WriteAPDPReg(AP reg 0x00, 0x80000002)
T2CC4 000:644.221 - 0.172ms returns 0
T2CC4 000:644.230 JLINK_CORESIGHT_WriteAPDPReg(AP reg 0x01, 0x80011130)
T2CC4 000:644.396 - 0.166ms returns 0
T2CC4 000:644.405 JLINK_CORESIGHT_ReadAPDPReg(AP reg 0x03)
T2CC4 000:644.617   Value=0xB90A0081
T2CC4 000:644.626 - 0.220ms returns 0
T2CC4 000:644.632 JLINK_CORESIGHT_WriteAPDPReg(AP reg 0x00, 0x80000002)
T2CC4 000:644.801 - 0.168ms returns 0
T2CC4 000:644.809 JLINK_CORESIGHT_WriteAPDPReg(AP reg 0x01, 0x80011140)
T2CC4 000:645.032 - 0.222ms returns 0
T2CC4 000:645.041 JLINK_CORESIGHT_ReadAPDPReg(AP reg 0x03)
T2CC4 000:645.266   Value=0x00000000
T2CC4 000:645.275 - 0.234ms returns 0
T2CC4 000:645.282 JLINK_CORESIGHT_WriteAPDPReg(AP reg 0x00, 0x80000002)
T2CC4 000:645.453 - 0.170ms returns 0
T2CC4 000:645.461 JLINK_CORESIGHT_WriteAPDPReg(AP reg 0x01, 0x80011130)
T2CC4 000:645.624 - 0.163ms returns 0
T2CC4 000:645.632 JLINK_CORESIGHT_ReadAPDPReg(AP reg 0x03)
T2CC4 000:645.849   Value=0xFFFFFFC0
T2CC4 000:645.862 - 0.230ms returns 0
T2CC4 000:645.869 JLINK_CORESIGHT_WriteAPDPReg(AP reg 0x00, 0x80000002)
T2CC4 000:646.046 - 0.177ms returns 0
T2CC4 000:646.054 JLINK_CORESIGHT_WriteAPDPReg(AP reg 0x01, 0x80011140)
T2CC4 000:646.225 - 0.170ms returns 0
T2CC4 000:646.239 JLINK_CORESIGHT_ReadAPDPReg(AP reg 0x03)
T2CC4 000:646.477   Value=0x00000000
T2CC4 000:646.487 - 0.248ms returns 0
T2CC4 000:646.493 JLINK_CORESIGHT_WriteAPDPReg(AP reg 0x00, 0x80000002)
T2CC4 000:646.668 - 0.175ms returns 0
T2CC4 000:646.676 JLINK_CORESIGHT_WriteAPDPReg(AP reg 0x01, 0x80011130)
T2CC4 000:646.845 - 0.169ms returns 0
T2CC4 000:646.853 JLINK_CORESIGHT_ReadAPDPReg(AP reg 0x03)
T2CC4 000:647.071   Value=0xFFFFFFFF
T2CC4 000:647.079 - 0.225ms returns 0
T2CC4 000:647.085 JLINK_CORESIGHT_WriteAPDPReg(AP reg 0x00, 0x80000002)
T2CC4 000:647.270 - 0.184ms returns 0
T2CC4 000:647.289 JLINK_CORESIGHT_WriteAPDPReg(AP reg 0x01, 0x80011140)
T2CC4 000:647.464 - 0.179ms returns 0
T2CC4 000:647.484 JLINK_CORESIGHT_ReadAPDPReg(AP reg 0x03)
T2CC4 000:647.718   Value=0x00000000
T2CC4 000:647.727 - 0.243ms returns 0
T2CC4 000:647.738 JLINK_CORESIGHT_WriteAPDPReg(AP reg 0x00, 0x80000002)
T2CC4 000:647.911 - 0.173ms returns 0
T2CC4 000:647.922 JLINK_CORESIGHT_WriteAPDPReg(AP reg 0x01, 0x80011130)
T2CC4 000:648.146 - 0.223ms returns 0
T2CC4 000:648.157 JLINK_CORESIGHT_ReadAPDPReg(AP reg 0x03)
T2CC4 000:648.381   Value=0x000385FF
T2CC4 000:648.389 - 0.232ms returns 0
T2CC4 000:648.908 JLINK_CORESIGHT_WriteAPDPReg(AP reg 0x00, 0x80000002)
T2CC4 000:649.146 - 0.238ms returns 0
T2CC4 000:649.159 JLINK_CORESIGHT_WriteAPDPReg(AP reg 0x01, 0x80011140)
T2CC4 000:649.339 - 0.179ms returns 0
T2CC4 000:649.351 JLINK_CORESIGHT_ReadAPDPReg(AP reg 0x03)
T2CC4 000:649.580   Value=0x00000002
T2CC4 000:649.592 - 0.240ms returns 0
T2CC4 000:649.601 JLINK_CORESIGHT_WriteAPDPReg(AP reg 0x00, 0x80000002)
T2CC4 000:649.774 - 0.173ms returns 0
T2CC4 000:649.786 JLINK_CORESIGHT_WriteAPDPReg(AP reg 0x01, 0x80011120)
T2CC4 000:650.038 - 0.252ms returns 0
T2CC4 000:650.050 JLINK_CORESIGHT_WriteAPDPReg(AP reg 0x03, 0x2C010001)
T2CC4 000:650.230 - 0.180ms returns 0
T2CC4 000:650.239 JLINK_CORESIGHT_WriteAPDPReg(AP reg 0x00, 0x80000002)
T2CC4 000:650.412 - 0.173ms returns 0
T2CC4 000:650.420 JLINK_CORESIGHT_WriteAPDPReg(AP reg 0x01, 0x80011140)
T2CC4 000:650.588 - 0.168ms returns 0
T2CC4 000:650.596 JLINK_CORESIGHT_ReadAPDPReg(AP reg 0x03)
T2CC4 000:650.814   Value=0x00000002
T2CC4 000:650.822 - 0.225ms returns 0
T2CC4 000:650.828 JLINK_CORESIGHT_WriteAPDPReg(AP reg 0x00, 0x80000002)
T2CC4 000:651.034 - 0.206ms returns 0
T2CC4 000:651.042 JLINK_CORESIGHT_WriteAPDPReg(AP reg 0x01, 0x80011120)
T2CC4 000:651.205 - 0.162ms returns 0
T2CC4 000:651.216 JLINK_CORESIGHT_WriteAPDPReg(AP reg 0x03, 0x000003D3)
T2CC4 000:651.400 - 0.183ms returns 0
T2CC4 000:651.416 JLINK_CORESIGHT_WriteAPDPReg(AP reg 0x00, 0x80000002)
T2CC4 000:651.597 - 0.181ms returns 0
T2CC4 000:651.607 JLINK_CORESIGHT_WriteAPDPReg(AP reg 0x01, 0x80011140)
T2CC4 000:651.793 - 0.185ms returns 0
T2CC4 000:651.804 JLINK_CORESIGHT_ReadAPDPReg(AP reg 0x03)
T2CC4 000:652.038   Value=0x00000002
T2CC4 000:652.047 - 0.243ms returns 0
T2CC4 000:652.054 JLINK_CORESIGHT_ReadAPDPReg(AP reg 0x03)
T2CC4 000:652.288   Value=0x00000000
T2CC4 000:652.310 - 0.256ms returns 0
T2CC4 000:652.325 JLINK_CORESIGHT_WriteAPDPReg(AP reg 0x00, 0x80000002)
T2CC4 000:652.514 - 0.188ms returns 0
T2CC4 000:652.525 JLINK_CORESIGHT_WriteAPDPReg(AP reg 0x01, 0x80011130)
T2CC4 000:652.703 - 0.177ms returns 0
T2CC4 000:652.711 JLINK_CORESIGHT_ReadAPDPReg(AP reg 0x03)
T2CC4 000:652.927   Value=0x2C020081
T2CC4 000:652.936 - 0.224ms returns 0
T2CC4 000:652.942 JLINK_CORESIGHT_WriteAPDPReg(AP reg 0x00, 0x80000002)
T2CC4 000:653.141 - 0.199ms returns 0
T2CC4 000:653.149 JLINK_CORESIGHT_WriteAPDPReg(AP reg 0x01, 0x80011140)
T2CC4 000:653.314 - 0.164ms returns 0
T2CC4 000:653.323 JLINK_CORESIGHT_ReadAPDPReg(AP reg 0x03)
T2CC4 000:653.540   Value=0x00000000
T2CC4 000:653.550 - 0.227ms returns 0
T2CC4 000:653.568 JLINK_CORESIGHT_WriteAPDPReg(AP reg 0x00, 0x80000002)
T2CC4 000:653.751 - 0.183ms returns 0
T2CC4 000:653.769 JLINK_CORESIGHT_WriteAPDPReg(AP reg 0x01, 0x80011130)
T2CC4 000:653.960 - 0.191ms returns 0
T2CC4 000:653.973 JLINK_CORESIGHT_ReadAPDPReg(AP reg 0x03)
T2CC4 000:654.210   Value=0x0003CE04
T2CC4 000:654.224 - 0.250ms returns 0
T2CC4 000:654.240 JLINK_CORESIGHT_WriteAPDPReg(AP reg 0x00, 0x80000002)
T2CC4 000:654.437 - 0.197ms returns 0
T2CC4 000:654.453 JLINK_CORESIGHT_WriteAPDPReg(AP reg 0x01, 0x80011140)
T2CC4 000:654.635 - 0.182ms returns 0
T2CC4 000:654.646 JLINK_CORESIGHT_ReadAPDPReg(AP reg 0x03)
T2CC4 000:654.878   Value=0x00000002
T2CC4 000:654.894 - 0.248ms returns 0
T2CC4 000:654.905 JLINK_CORESIGHT_WriteAPDPReg(AP reg 0x00, 0x80000002)
T2CC4 000:655.082 - 0.177ms returns 0
T2CC4 000:655.090 JLINK_CORESIGHT_WriteAPDPReg(AP reg 0x01, 0x80011120)
T2CC4 000:655.260 - 0.169ms returns 0
T2CC4 000:655.268 JLINK_CORESIGHT_WriteAPDPReg(AP reg 0x03, 0x73010001)
T2CC4 000:655.438 - 0.169ms returns 0
T2CC4 000:655.446 JLINK_CORESIGHT_WriteAPDPReg(AP reg 0x00, 0x80000002)
T2CC4 000:655.623 - 0.176ms returns 0
T2CC4 000:655.633 JLINK_CORESIGHT_WriteAPDPReg(AP reg 0x01, 0x80011140)
T2CC4 000:655.818 - 0.184ms returns 0
T2CC4 000:655.832 JLINK_CORESIGHT_ReadAPDPReg(AP reg 0x03)
T2CC4 000:656.059   Value=0x00000002
T2CC4 000:656.068 - 0.236ms returns 0
T2CC4 000:656.075 JLINK_CORESIGHT_WriteAPDPReg(AP reg 0x00, 0x80000002)
T2CC4 000:656.250 - 0.175ms returns 0
T2CC4 000:656.259 JLINK_CORESIGHT_WriteAPDPReg(AP reg 0x01, 0x80011120)
T2CC4 000:656.429 - 0.170ms returns 0
T2CC4 000:656.437 JLINK_CORESIGHT_WriteAPDPReg(AP reg 0x03, 0x0000038C)
T2CC4 000:656.608 - 0.170ms returns 0
T2CC4 000:656.616 JLINK_CORESIGHT_WriteAPDPReg(AP reg 0x00, 0x80000002)
T2CC4 000:656.784 - 0.167ms returns 0
T2CC4 000:656.792 JLINK_CORESIGHT_WriteAPDPReg(AP reg 0x01, 0x80011140)
T2CC4 000:657.035 - 0.243ms returns 0
T2CC4 000:657.045 JLINK_CORESIGHT_ReadAPDPReg(AP reg 0x03)
T2CC4 000:657.280   Value=0x00000002
T2CC4 000:657.290 - 0.245ms returns 0
T2CC4 000:657.296 JLINK_CORESIGHT_ReadAPDPReg(AP reg 0x03)
T2CC4 000:657.516   Value=0x00000002
T2CC4 000:657.525 - 0.229ms returns 0
T2CC4 000:657.531 JLINK_CORESIGHT_ReadAPDPReg(AP reg 0x03)
T2CC4 000:657.746   Value=0x00000002
T2CC4 000:657.755 - 0.223ms returns 0
T2CC4 000:657.761 JLINK_CORESIGHT_ReadAPDPReg(AP reg 0x03)
T2CC4 000:658.043   Value=0x00000002
T2CC4 000:658.052 - 0.290ms returns 0
T2CC4 000:658.058 JLINK_CORESIGHT_ReadAPDPReg(AP reg 0x03)
T2CC4 000:658.281   Value=0x00000002
T2CC4 000:658.295 - 0.236ms returns 0
T2CC4 000:658.305 JLINK_CORESIGHT_ReadAPDPReg(AP reg 0x03)
T2CC4 000:658.530   Value=0x00000002
T2CC4 000:658.543 - 0.238ms returns 0
T2CC4 000:658.552 JLINK_CORESIGHT_ReadAPDPReg(AP reg 0x03)
T2CC4 000:658.777   Value=0x00000002
T2CC4 000:658.790 - 0.237ms returns 0
T2CC4 000:658.800 JLINK_CORESIGHT_ReadAPDPReg(AP reg 0x03)
T2CC4 000:659.038   Value=0x00000002
T2CC4 000:659.050 - 0.250ms returns 0
T2CC4 000:659.059 JLINK_CORESIGHT_ReadAPDPReg(AP reg 0x03)
T2CC4 000:659.294   Value=0x00000002
T2CC4 000:659.306 - 0.247ms returns 0
T2CC4 000:659.316 JLINK_CORESIGHT_ReadAPDPReg(AP reg 0x03)
T2CC4 000:659.539   Value=0x00000000
T2CC4 000:659.553 - 0.237ms returns 0
T2CC4 000:659.563 JLINK_CORESIGHT_WriteAPDPReg(AP reg 0x00, 0x80000002)
T2CC4 000:659.757 - 0.194ms returns 0
T2CC4 000:659.770 JLINK_CORESIGHT_WriteAPDPReg(AP reg 0x01, 0x80011130)
T2CC4 000:659.956 - 0.185ms returns 0
T2CC4 000:659.968 JLINK_CORESIGHT_ReadAPDPReg(AP reg 0x03)
T2CC4 000:660.208   Value=0x73020081
T2CC4 000:660.219 - 0.251ms returns 0
T2CC4 000:660.229 JLINK_CORESIGHT_WriteAPDPReg(AP reg 0x00, 0x80000002)
T2CC4 000:660.410 - 0.180ms returns 0
T2CC4 000:660.421 JLINK_CORESIGHT_WriteAPDPReg(AP reg 0x01, 0x80011140)
T2CC4 000:660.606 - 0.184ms returns 0
T2CC4 000:660.625 JLINK_CORESIGHT_ReadAPDPReg(AP reg 0x03)
T2CC4 000:660.859   Value=0x00000000
T2CC4 000:660.872 - 0.246ms returns 0
T2CC4 000:660.937 JLINK_CORESIGHT_WriteAPDPReg(AP reg 0x00, 0x80000002)
T2CC4 000:661.150 - 0.212ms returns 0
T2CC4 000:661.164 JLINK_CORESIGHT_WriteAPDPReg(AP reg 0x01, 0x80011130)
T2CC4 000:661.349 - 0.185ms returns 0
T2CC4 000:661.362 JLINK_CORESIGHT_ReadAPDPReg(AP reg 0x03)
T2CC4 000:661.596   Value=0x00038902
T2CC4 000:661.609 - 0.247ms returns 0
T2CC4 000:661.621 JLINK_CORESIGHT_WriteAPDPReg(AP reg 0x00, 0x80000002)
T2CC4 000:661.811 - 0.189ms returns 0
T2CC4 000:661.824 JLINK_CORESIGHT_WriteAPDPReg(AP reg 0x01, 0x80011140)
T2CC4 000:662.044 - 0.220ms returns 0
T2CC4 000:662.058 JLINK_CORESIGHT_ReadAPDPReg(AP reg 0x03)
T2CC4 000:662.293   Value=0x00000002
T2CC4 000:662.306 - 0.247ms returns 0
T2CC4 000:662.317 JLINK_CORESIGHT_WriteAPDPReg(AP reg 0x00, 0x80000002)
T2CC4 000:662.494 - 0.178ms returns 0
T2CC4 000:662.508 JLINK_CORESIGHT_WriteAPDPReg(AP reg 0x01, 0x80011120)
T2CC4 000:662.693 - 0.185ms returns 0
T2CC4 000:662.706 JLINK_CORESIGHT_WriteAPDPReg(AP reg 0x03, 0x75010001)
T2CC4 000:662.886 - 0.180ms returns 0
T2CC4 000:662.900 JLINK_CORESIGHT_WriteAPDPReg(AP reg 0x00, 0x80000002)
T2CC4 000:663.080 - 0.180ms returns 0
T2CC4 000:663.102 JLINK_CORESIGHT_WriteAPDPReg(AP reg 0x01, 0x80011140)
T2CC4 000:663.276 - 0.174ms returns 0
T2CC4 000:663.287 JLINK_CORESIGHT_ReadAPDPReg(AP reg 0x03)
T2CC4 000:663.516   Value=0x00000002
T2CC4 000:663.525 - 0.238ms returns 0
T2CC4 000:663.531 JLINK_CORESIGHT_WriteAPDPReg(AP reg 0x00, 0x80000002)
T2CC4 000:663.703 - 0.171ms returns 0
T2CC4 000:663.710 JLINK_CORESIGHT_WriteAPDPReg(AP reg 0x01, 0x80011120)
T2CC4 000:663.881 - 0.170ms returns 0
T2CC4 000:663.888 JLINK_CORESIGHT_WriteAPDPReg(AP reg 0x03, 0x0000038A)
T2CC4 000:664.052 - 0.163ms returns 0
T2CC4 000:664.060 JLINK_CORESIGHT_WriteAPDPReg(AP reg 0x00, 0x80000002)
T2CC4 000:664.229 - 0.168ms returns 0
T2CC4 000:664.237 JLINK_CORESIGHT_WriteAPDPReg(AP reg 0x01, 0x80011140)
T2CC4 000:664.418 - 0.180ms returns 0
T2CC4 000:664.432 JLINK_CORESIGHT_ReadAPDPReg(AP reg 0x03)
T2CC4 000:664.665   Value=0x00000002
T2CC4 000:664.678 - 0.245ms returns 0
T2CC4 000:664.688 JLINK_CORESIGHT_ReadAPDPReg(AP reg 0x03)
T2CC4 000:664.911   Value=0x00000002
T2CC4 000:664.923 - 0.235ms returns 0
T2CC4 000:664.933 JLINK_CORESIGHT_ReadAPDPReg(AP reg 0x03)
T2CC4 000:665.191   Value=0x00000000
T2CC4 000:665.203 - 0.270ms returns 0
T2CC4 000:665.213 JLINK_CORESIGHT_WriteAPDPReg(AP reg 0x00, 0x80000002)
T2CC4 000:665.404 - 0.191ms returns 0
T2CC4 000:665.416 JLINK_CORESIGHT_WriteAPDPReg(AP reg 0x01, 0x80011130)
T2CC4 000:665.598 - 0.182ms returns 0
T2CC4 000:665.612 JLINK_CORESIGHT_ReadAPDPReg(AP reg 0x03)
T2CC4 000:665.848   Value=0x75020081
T2CC4 000:665.862 - 0.249ms returns 0
T2CC4 000:665.873 JLINK_CORESIGHT_WriteAPDPReg(AP reg 0x00, 0x80000002)
T2CC4 000:666.050 - 0.177ms returns 0
T2CC4 000:666.064 JLINK_CORESIGHT_WriteAPDPReg(AP reg 0x01, 0x80011140)
T2CC4 000:666.242 - 0.179ms returns 0
T2CC4 000:666.256 JLINK_CORESIGHT_ReadAPDPReg(AP reg 0x03)
T2CC4 000:666.485   Value=0x00000000
T2CC4 000:666.498 - 0.243ms returns 0
T2CC4 000:666.509 JLINK_CORESIGHT_WriteAPDPReg(AP reg 0x00, 0x80000002)
T2CC4 000:666.686 - 0.177ms returns 0
T2CC4 000:666.695 JLINK_CORESIGHT_WriteAPDPReg(AP reg 0x01, 0x80011130)
T2CC4 000:666.900 - 0.204ms returns 0
T2CC4 000:666.928 JLINK_CORESIGHT_ReadAPDPReg(AP reg 0x03)
T2CC4 000:667.200   Value=0x00038702
T2CC4 000:667.214 - 0.287ms returns 0
T2CC4 000:667.229 JLINK_CORESIGHT_WriteAPDPReg(AP reg 0x00, 0x80000002)
T2CC4 000:667.421 - 0.191ms returns 0
T2CC4 000:667.434 JLINK_CORESIGHT_WriteAPDPReg(AP reg 0x01, 0x80011140)
T2CC4 000:667.625 - 0.191ms returns 0
T2CC4 000:667.639 JLINK_CORESIGHT_ReadAPDPReg(AP reg 0x03)
T2CC4 000:667.874   Value=0x00000002
T2CC4 000:667.886 - 0.247ms returns 0
T2CC4 000:667.896 JLINK_CORESIGHT_WriteAPDPReg(AP reg 0x00, 0x80000002)
T2CC4 000:668.081 - 0.184ms returns 0
T2CC4 000:668.097 JLINK_CORESIGHT_WriteAPDPReg(AP reg 0x01, 0x80011120)
T2CC4 000:668.280 - 0.183ms returns 0
T2CC4 000:668.288 JLINK_CORESIGHT_WriteAPDPReg(AP reg 0x03, 0x4F010001)
T2CC4 000:668.467 - 0.178ms returns 0
T2CC4 000:668.477 JLINK_CORESIGHT_WriteAPDPReg(AP reg 0x00, 0x80000002)
T2CC4 000:668.639 - 0.161ms returns 0
T2CC4 000:668.647 JLINK_CORESIGHT_WriteAPDPReg(AP reg 0x01, 0x80011140)
T2CC4 000:668.810 - 0.163ms returns 0
T2CC4 000:668.819 JLINK_CORESIGHT_ReadAPDPReg(AP reg 0x03)
T2CC4 000:669.030   Value=0x00000002
T2CC4 000:669.039 - 0.220ms returns 0
T2CC4 000:669.046 JLINK_CORESIGHT_WriteAPDPReg(AP reg 0x00, 0x80000002)
T2CC4 000:669.216 - 0.170ms returns 0
T2CC4 000:669.225 JLINK_CORESIGHT_WriteAPDPReg(AP reg 0x01, 0x80011120)
T2CC4 000:669.395 - 0.169ms returns 0
T2CC4 000:669.403 JLINK_CORESIGHT_WriteAPDPReg(AP reg 0x03, 0x000003B0)
T2CC4 000:669.580 - 0.177ms returns 0
T2CC4 000:669.588 JLINK_CORESIGHT_WriteAPDPReg(AP reg 0x00, 0x80000002)
T2CC4 000:669.759 - 0.171ms returns 0
T2CC4 000:669.767 JLINK_CORESIGHT_WriteAPDPReg(AP reg 0x01, 0x80011140)
T2CC4 000:669.939 - 0.171ms returns 0
T2CC4 000:669.947 JLINK_CORESIGHT_ReadAPDPReg(AP reg 0x03)
T2CC4 000:670.201   Value=0x00000002
T2CC4 000:670.216 - 0.269ms returns 0
T2CC4 000:670.227 JLINK_CORESIGHT_ReadAPDPReg(AP reg 0x03)
T2CC4 000:670.459   Value=0x00000002
T2CC4 000:670.468 - 0.240ms returns 0
T2CC4 000:670.474 JLINK_CORESIGHT_ReadAPDPReg(AP reg 0x03)
T2CC4 000:670.692   Value=0x00000000
T2CC4 000:670.700 - 0.226ms returns 0
T2CC4 000:670.707 JLINK_CORESIGHT_WriteAPDPReg(AP reg 0x00, 0x80000002)
T2CC4 000:670.884 - 0.176ms returns 0
T2CC4 000:670.892 JLINK_CORESIGHT_WriteAPDPReg(AP reg 0x01, 0x80011130)
T2CC4 000:671.059 - 0.167ms returns 0
T2CC4 000:671.066 JLINK_CORESIGHT_ReadAPDPReg(AP reg 0x03)
T2CC4 000:671.295   Value=0x4F0B0081
T2CC4 000:671.308 - 0.241ms returns 0
T2CC4 000:671.317 JLINK_CORESIGHT_WriteAPDPReg(AP reg 0x00, 0x80000002)
T2CC4 000:671.495 - 0.178ms returns 0
T2CC4 000:671.504 JLINK_CORESIGHT_WriteAPDPReg(AP reg 0x01, 0x80011140)
T2CC4 000:671.680 - 0.176ms returns 0
T2CC4 000:671.688 JLINK_CORESIGHT_ReadAPDPReg(AP reg 0x03)
T2CC4 000:671.906   Value=0x00000000
T2CC4 000:671.914 - 0.226ms returns 0
T2CC4 000:671.921 JLINK_CORESIGHT_WriteAPDPReg(AP reg 0x00, 0x80000002)
T2CC4 000:672.141 - 0.220ms returns 0
T2CC4 000:672.149 JLINK_CORESIGHT_WriteAPDPReg(AP reg 0x01, 0x80011130)
T2CC4 000:672.337 - 0.187ms returns 0
T2CC4 000:672.345 JLINK_CORESIGHT_ReadAPDPReg(AP reg 0x03)
T2CC4 000:672.577   Value=0x20000000
T2CC4 000:672.590 - 0.245ms returns 0
T2CC4 000:672.600 JLINK_CORESIGHT_WriteAPDPReg(AP reg 0x00, 0x80000002)
T2CC4 000:672.778 - 0.178ms returns 0
T2CC4 000:672.787 JLINK_CORESIGHT_WriteAPDPReg(AP reg 0x01, 0x80011140)
T2CC4 000:673.035 - 0.248ms returns 0
T2CC4 000:673.044 JLINK_CORESIGHT_ReadAPDPReg(AP reg 0x03)
T2CC4 000:673.280   Value=0x00000000
T2CC4 000:673.288 - 0.244ms returns 0
T2CC4 000:673.295 JLINK_CORESIGHT_WriteAPDPReg(AP reg 0x00, 0x80000002)
T2CC4 000:673.468 - 0.172ms returns 0
T2CC4 000:673.476 JLINK_CORESIGHT_WriteAPDPReg(AP reg 0x01, 0x80011130)
T2CC4 000:673.647 - 0.170ms returns 0
T2CC4 000:673.656 JLINK_CORESIGHT_ReadAPDPReg(AP reg 0x03)
T2CC4 000:673.874   Value=0x00000000
T2CC4 000:673.883 - 0.226ms returns 0
T2CC4 000:673.889 JLINK_CORESIGHT_WriteAPDPReg(AP reg 0x00, 0x80000002)
T2CC4 000:674.064 - 0.175ms returns 0
T2CC4 000:674.078 JLINK_CORESIGHT_WriteAPDPReg(AP reg 0x01, 0x80011140)
T2CC4 000:674.249 - 0.171ms returns 0
T2CC4 000:674.261 JLINK_CORESIGHT_ReadAPDPReg(AP reg 0x03)
T2CC4 000:674.479   Value=0x00000000
T2CC4 000:674.487 - 0.226ms returns 0
T2CC4 000:674.497 JLINK_CORESIGHT_WriteAPDPReg(AP reg 0x00, 0x80000002)
T2CC4 000:674.673 - 0.176ms returns 0
T2CC4 000:674.689 JLINK_CORESIGHT_WriteAPDPReg(AP reg 0x01, 0x80011130)
T2CC4 000:674.856 - 0.167ms returns 0
T2CC4 000:674.871 JLINK_CORESIGHT_ReadAPDPReg(AP reg 0x03)
T2CC4 000:675.090   Value=0x03860000
T2CC4 000:675.098 - 0.227ms returns 0
T2CC4 000:675.453 JLINK_CORESIGHT_ReadAPDPReg(DP reg 0x01)
T2CC4 000:675.658   Value=0xF0000F40
T2CC4 000:675.666 - 0.213ms returns 0
T2CC4 000:675.673 JLINK_CORESIGHT_WriteAPDPReg(DP reg 0x01, 0xA0000F40)
T2CC4 000:675.879 - 0.206ms returns 0
T2CC4 000:675.892 JLINK_CORESIGHT_ReadAPDPReg(DP reg 0x01)
T2CC4 000:676.074   Value=0x00000F40
T2CC4 000:676.090 - 0.198ms returns 0
T2CC4 000:676.101 JLINK_ClrRESET()
T2CC4 000:676.249 - 0.148ms 
T2CC4 000:788.066 JLINK_Close()
T2CC4 000:799.697 - 11.629ms
T2CC4 000:799.723   
T2CC4 000:799.729   Closed
